Archive member included because of file (symbol)

c:/winavr/bin/../lib/gcc/avr/4.3.2/avr5\libgcc.a(_exit.o)
                              c:/winavr/bin/../lib/gcc/avr/4.3.2/../../../../avr/lib/avr5/crtm16.o (exit)
c:/winavr/bin/../lib/gcc/avr/4.3.2/avr5\libgcc.a(_clear_bss.o)
                              EERTOS.o (__do_clear_bss)

Memory Configuration

Name             Origin             Length             Attributes
text             0x00000000         0x00020000         xr
data             0x00800060         0x0000ffa0         rw !x
eeprom           0x00810000         0x00010000         rw !x
fuse             0x00820000         0x00000400         rw !x
lock             0x00830000         0x00000400         rw !x
signature        0x00840000         0x00000400         rw !x
*default*        0x00000000         0xffffffff

Linker script and memory map

LOAD c:/winavr/bin/../lib/gcc/avr/4.3.2/../../../../avr/lib/avr5/crtm16.o
LOAD GCC-RTOS.o
LOAD EERTOS.o
LOAD HAL.o
LOAD EERTOSHAL.o
LOAD c:/winavr/bin/../lib/gcc/avr/4.3.2/avr5\libgcc.a
LOAD c:/winavr/bin/../lib/gcc/avr/4.3.2/../../../../avr/lib/avr5\libc.a
LOAD c:/winavr/bin/../lib/gcc/avr/4.3.2/avr5\libgcc.a

.hash
 *(.hash)

.dynsym
 *(.dynsym)

.dynstr
 *(.dynstr)

.gnu.version
 *(.gnu.version)

.gnu.version_d
 *(.gnu.version_d)

.gnu.version_r
 *(.gnu.version_r)

.rel.init
 *(.rel.init)

.rela.init
 *(.rela.init)

.rel.text
 *(.rel.text)
 *(.rel.text.*)
 *(.rel.gnu.linkonce.t*)

.rela.text
 *(.rela.text)
 *(.rela.text.*)
 *(.rela.gnu.linkonce.t*)

.rel.fini
 *(.rel.fini)

.rela.fini
 *(.rela.fini)

.rel.rodata
 *(.rel.rodata)
 *(.rel.rodata.*)
 *(.rel.gnu.linkonce.r*)

.rela.rodata
 *(.rela.rodata)
 *(.rela.rodata.*)
 *(.rela.gnu.linkonce.r*)

.rel.data
 *(.rel.data)
 *(.rel.data.*)
 *(.rel.gnu.linkonce.d*)

.rela.data
 *(.rela.data)
 *(.rela.data.*)
 *(.rela.gnu.linkonce.d*)

.rel.ctors
 *(.rel.ctors)

.rela.ctors
 *(.rela.ctors)

.rel.dtors
 *(.rel.dtors)

.rela.dtors
 *(.rela.dtors)

.rel.got
 *(.rel.got)

.rela.got
 *(.rela.got)

.rel.bss
 *(.rel.bss)

.rela.bss
 *(.rela.bss)

.rel.plt
 *(.rel.plt)

.rela.plt
 *(.rela.plt)

.text           0x00000000      0x29e
 *(.vectors)
 .vectors       0x00000000       0x54 c:/winavr/bin/../lib/gcc/avr/4.3.2/../../../../avr/lib/avr5/crtm16.o
                0x00000000                __vectors
                0x00000000                __vector_default
 *(.vectors)
 *(.progmem.gcc*)
 *(.progmem*)
                0x00000054                . = ALIGN (0x2)
                0x00000054                __trampolines_start = .
 *(.trampolines)
 .trampolines   0x00000054        0x0 linker stubs
 *(.trampolines*)
                0x00000054                __trampolines_end = .
 *(.jumptables)
 *(.jumptables*)
 *(.lowtext)
 *(.lowtext*)
                0x00000054                __ctors_start = .
 *(.ctors)
                0x00000054                __ctors_end = .
                0x00000054                __dtors_start = .
 *(.dtors)
                0x00000054                __dtors_end = .
 SORT(*)(.ctors)
 SORT(*)(.dtors)
 *(.init0)
 .init0         0x00000054        0x0 c:/winavr/bin/../lib/gcc/avr/4.3.2/../../../../avr/lib/avr5/crtm16.o
                0x00000054                __init
 *(.init0)
 *(.init1)
 *(.init1)
 *(.init2)
 .init2         0x00000054        0xc c:/winavr/bin/../lib/gcc/avr/4.3.2/../../../../avr/lib/avr5/crtm16.o
 *(.init2)
 *(.init3)
 *(.init3)
 *(.init4)
 .init4         0x00000060       0x10 c:/winavr/bin/../lib/gcc/avr/4.3.2/avr5\libgcc.a(_clear_bss.o)
                0x00000060                __do_clear_bss
 *(.init4)
 *(.init5)
 *(.init5)
 *(.init6)
 *(.init6)
 *(.init7)
 *(.init7)
 *(.init8)
 *(.init8)
 *(.init9)
 .init9         0x00000070        0x8 c:/winavr/bin/../lib/gcc/avr/4.3.2/../../../../avr/lib/avr5/crtm16.o
 *(.init9)
 *(.text)
 .text          0x00000078        0x4 c:/winavr/bin/../lib/gcc/avr/4.3.2/../../../../avr/lib/avr5/crtm16.o
                0x00000078                __vector_1
                0x00000078                __vector_12
                0x00000078                __bad_interrupt
                0x00000078                __vector_6
                0x00000078                __vector_11
                0x00000078                __vector_13
                0x00000078                __vector_17
                0x00000078                __vector_19
                0x00000078                __vector_7
                0x00000078                __vector_5
                0x00000078                __vector_4
                0x00000078                __vector_9
                0x00000078                __vector_2
                0x00000078                __vector_15
                0x00000078                __vector_8
                0x00000078                __vector_14
                0x00000078                __vector_10
                0x00000078                __vector_16
                0x00000078                __vector_18
                0x00000078                __vector_20
 .text          0x0000007c       0x5e GCC-RTOS.o
                0x00000090                __vector_3
                0x0000007c                main
 .text          0x000000da      0x188 EERTOS.o
                0x000000da                InitRTOS
                0x0000010c                SetTask
                0x0000010a                Idle
                0x00000216                TimerService
                0x000001dc                TaskManager
                0x00000156                SetTimerTask
 .text          0x00000262       0x24 HAL.o
                0x00000262                InitAll
 .text          0x00000286       0x14 EERTOSHAL.o
                0x00000286                RunRTOS
 .text          0x0000029a        0x0 c:/winavr/bin/../lib/gcc/avr/4.3.2/avr5\libgcc.a(_exit.o)
 .text          0x0000029a        0x0 c:/winavr/bin/../lib/gcc/avr/4.3.2/avr5\libgcc.a(_clear_bss.o)
                0x0000029a                . = ALIGN (0x2)
 *(.text.*)
 .text.libgcc   0x0000029a        0x0 c:/winavr/bin/../lib/gcc/avr/4.3.2/avr5\libgcc.a(_exit.o)
 .text.libgcc   0x0000029a        0x0 c:/winavr/bin/../lib/gcc/avr/4.3.2/avr5\libgcc.a(_clear_bss.o)
                0x0000029a                . = ALIGN (0x2)
 *(.fini9)
 .fini9         0x0000029a        0x0 c:/winavr/bin/../lib/gcc/avr/4.3.2/avr5\libgcc.a(_exit.o)
                0x0000029a                exit
                0x0000029a                _exit
 *(.fini9)
 *(.fini8)
 *(.fini8)
 *(.fini7)
 *(.fini7)
 *(.fini6)
 *(.fini6)
 *(.fini5)
 *(.fini5)
 *(.fini4)
 *(.fini4)
 *(.fini3)
 *(.fini3)
 *(.fini2)
 *(.fini2)
 *(.fini1)
 *(.fini1)
 *(.fini0)
 .fini0         0x0000029a        0x4 c:/winavr/bin/../lib/gcc/avr/4.3.2/avr5\libgcc.a(_exit.o)
 *(.fini0)
                0x0000029e                _etext = .

.data           0x00800060        0x0 load address 0x0000029e
                0x00800060                PROVIDE (__data_start, .)
 *(.data)
 .data          0x00800060        0x0 c:/winavr/bin/../lib/gcc/avr/4.3.2/../../../../avr/lib/avr5/crtm16.o
 .data          0x00800060        0x0 GCC-RTOS.o
 .data          0x00800060        0x0 EERTOS.o
 .data          0x00800060        0x0 HAL.o
 .data          0x00800060        0x0 EERTOSHAL.o
 .data          0x00800060        0x0 c:/winavr/bin/../lib/gcc/avr/4.3.2/avr5\libgcc.a(_exit.o)
 .data          0x00800060        0x0 c:/winavr/bin/../lib/gcc/avr/4.3.2/avr5\libgcc.a(_clear_bss.o)
 *(.data*)
 *(.rodata)
 *(.rodata*)
 *(.gnu.linkonce.d*)
                0x00800060                . = ALIGN (0x2)
                0x00800060                _edata = .
                0x00800060                PROVIDE (__data_end, .)

.bss            0x00800060       0xba
                0x00800060                PROVIDE (__bss_start, .)
 *(.bss)
 .bss           0x00800060        0x0 c:/winavr/bin/../lib/gcc/avr/4.3.2/../../../../avr/lib/avr5/crtm16.o
 .bss           0x00800060        0x0 GCC-RTOS.o
 .bss           0x00800060       0xba EERTOS.o
 .bss           0x0080011a        0x0 HAL.o
 .bss           0x0080011a        0x0 EERTOSHAL.o
 .bss           0x0080011a        0x0 c:/winavr/bin/../lib/gcc/avr/4.3.2/avr5\libgcc.a(_exit.o)
 .bss           0x0080011a        0x0 c:/winavr/bin/../lib/gcc/avr/4.3.2/avr5\libgcc.a(_clear_bss.o)
 *(.bss*)
 *(COMMON)
                0x0080011a                PROVIDE (__bss_end, .)
                0x0000029e                __data_load_start = LOADADDR (.data)
                0x0000029e                __data_load_end = (__data_load_start + SIZEOF (.data))

.noinit         0x0080011a        0x0
                0x0080011a                PROVIDE (__noinit_start, .)
 *(.noinit*)
                0x0080011a                PROVIDE (__noinit_end, .)
                0x0080011a                _end = .
                0x0080011a                PROVIDE (__heap_start, .)

.eeprom         0x00810000        0x0
 *(.eeprom*)
                0x00810000                __eeprom_end = .

.fuse
 *(.fuse)
 *(.lfuse)
 *(.hfuse)
 *(.efuse)

.lock
 *(.lock*)

.signature
 *(.signature*)

.stab
 *(.stab)

.stabstr
 *(.stabstr)

.stab.excl
 *(.stab.excl)

.stab.exclstr
 *(.stab.exclstr)

.stab.index
 *(.stab.index)

.stab.indexstr
 *(.stab.indexstr)

.comment
 *(.comment)

.debug
 *(.debug)

.line
 *(.line)

.debug_srcinfo
 *(.debug_srcinfo)

.debug_sfnames
 *(.debug_sfnames)

.debug_aranges  0x00000000       0x80
 *(.debug_aranges)
 .debug_aranges
                0x00000000       0x20 GCC-RTOS.o
 .debug_aranges
                0x00000020       0x20 EERTOS.o
 .debug_aranges
                0x00000040       0x20 HAL.o
 .debug_aranges
                0x00000060       0x20 EERTOSHAL.o

.debug_pubnames
                0x00000000       0xcc
 *(.debug_pubnames)
 .debug_pubnames
                0x00000000       0x2a GCC-RTOS.o
 .debug_pubnames
                0x0000002a       0x66 EERTOS.o
 .debug_pubnames
                0x00000090       0x1e HAL.o
 .debug_pubnames
                0x000000ae       0x1e EERTOSHAL.o

.debug_info     0x00000000      0x3f3
 *(.debug_info)
 .debug_info    0x00000000       0xa2 GCC-RTOS.o
 .debug_info    0x000000a2      0x23d EERTOS.o
 .debug_info    0x000002df       0x8a HAL.o
 .debug_info    0x00000369       0x8a EERTOSHAL.o
 *(.gnu.linkonce.wi.*)

.debug_abbrev   0x00000000      0x1f8
 *(.debug_abbrev)
 .debug_abbrev  0x00000000       0x5f GCC-RTOS.o
 .debug_abbrev  0x0000005f      0x109 EERTOS.o
 .debug_abbrev  0x00000168       0x48 HAL.o
 .debug_abbrev  0x000001b0       0x48 EERTOSHAL.o

.debug_line     0x00000000      0x3f8
 *(.debug_line)
 .debug_line    0x00000000       0xa4 GCC-RTOS.o
 .debug_line    0x000000a4      0x224 EERTOS.o
 .debug_line    0x000002c8       0xa5 HAL.o
 .debug_line    0x0000036d       0x8b EERTOSHAL.o

.debug_frame    0x00000000       0xe0
 *(.debug_frame)
 .debug_frame   0x00000000       0x30 GCC-RTOS.o
 .debug_frame   0x00000030       0x70 EERTOS.o
 .debug_frame   0x000000a0       0x20 HAL.o
 .debug_frame   0x000000c0       0x20 EERTOSHAL.o

.debug_str      0x00000000      0x17e
 *(.debug_str)
 .debug_str     0x00000000       0x9e GCC-RTOS.o
                                 0xd7 (size before relaxing)
 .debug_str     0x0000009e       0xb8 EERTOS.o
                                0x152 (size before relaxing)
 .debug_str     0x00000156       0x11 HAL.o
                                 0xd1 (size before relaxing)
 .debug_str     0x00000167       0x17 EERTOSHAL.o
                                 0xd7 (size before relaxing)

.debug_loc      0x00000000       0xa4
 *(.debug_loc)
 .debug_loc     0x00000000       0xa4 EERTOS.o

.debug_macinfo
 *(.debug_macinfo)
OUTPUT(GCC-RTOS.elf elf32-avr)
LOAD linker stubs
